// Jest Snapshot v1, https://goo.gl/fbAQLP

exports[`renders correctly 1`] = `
<div
  className="app"
>
  <div
    className="header"
  >
    <h1
      className="header__h1"
    >
      Album Library
    </h1>
    <svg
      aria-hidden="true"
      className="svg-inline--fa fa-plus-circle fa-w-16 header__icon"
      data-icon="plus-circle"
      data-prefix="fas"
      onClick={[Function]}
      role="img"
      style={Object {}}
      viewBox="0 0 512 512"
      xmlns="http://www.w3.org/2000/svg"
    >
      <path
        d="M256 8C119 8 8 119 8 256s111 248 248 248 248-111 248-248S393 8 256 8zm144 276c0 6.6-5.4 12-12 12h-92v92c0 6.6-5.4 12-12 12h-56c-6.6 0-12-5.4-12-12v-92h-92c-6.6 0-12-5.4-12-12v-56c0-6.6 5.4-12 12-12h92v-92c0-6.6 5.4-12 12-12h56c6.6 0 12 5.4 12 12v92h92c6.6 0 12 5.4 12 12v56z"
        fill="currentColor"
        style={Object {}}
      />
    </svg>
  </div>
  <main
    className="app__main"
  >
    <div
      className="library"
    >
      <h1
        className="library__h1"
      >
        The Top Shelf
      </h1>
      <button
        className="library__button"
        onClick={[Function]}
        type="button"
      >
        Load more
      </button>
    </div>
  </main>
</div>
`;
